0.475708
0.3972
0.35366
0.318908
0.290065
0.265103
0.24249
0.221945
0.203119
0.186048
0.170534
0.156853
0.14459
0.13346
0.123309
0.114066
0.105597
0.0978502
0.0908375
0.0844829
0.0787169
0.0734787
0.0687104
0.0643703
0.0603904
0.0567714
0.0535077
0.0505134
0.047764
0.0452353
0.0429056
0.0407555
0.0387707
0.0369395
0.0352401
0.0336609
0.0321912
0.0308342
0.0295666
0.0283809
0.0272702
0.0262285
0.0252502
0.0243302
0.023464
0.0226475
0.0218768
0.0211486
0.0204598
0.0198075
0.0191893
0.0186026
0.0180455
0.0175158
0.0170118
0.0165319
0.0160744
0.015638
0.0152213
0.0148232
0.0144425
0.0140783
0.0137294
0.0133952
0.0130747
0.0127671
0.0124718
0.0121881
0.0119154
0.0116531
0.0114006
0.0111574
0.0109231
0.0106973
0.0104794
0.0102692
0.0100663
0.0098702
0.00968073
0.00949754
0.00932034
0.00914887
0.00898286
0.00882208
0.00866629
0.00851529
0.00836887
0.00822683
0.008089
0.00795521
0.00782528
0.00769906
0.0075764
0.00745717
0.00734123
0.00722846
0.00711873
0.00701193
0.00690795
0.00680669
